------------------------------------------------------------
TimeQuest Timing Analyzer Summary
------------------------------------------------------------

Type  : Slow Model Setup 'CLOCK_27'
Slack : -2.592
TNS   : -82.712

Type  : Slow Model Setup 'AUD_BCLK~reg0'
Slack : -2.564
TNS   : -25.653

Type  : Slow Model Setup 'i2c_codec_control:u1|mI2C_CTRL_CLK'
Slack : -1.987
TNS   : -28.045

Type  : Slow Model Setup 'AUD_XCK~reg0'
Slack : -1.534
TNS   : -14.786

Type  : Slow Model Setup 'KEY[3]'
Slack : 0.233
TNS   : 0.000

Type  : Slow Model Hold 'AUD_XCK~reg0'
Slack : -2.827
TNS   : -2.827

Type  : Slow Model Hold 'CLOCK_27'
Slack : -2.493
TNS   : -4.963

Type  : Slow Model Hold 'AUD_BCLK~reg0'
Slack : 0.391
TNS   : 0.000

Type  : Slow Model Hold 'KEY[3]'
Slack : 0.391
TNS   : 0.000

Type  : Slow Model Hold 'i2c_codec_control:u1|mI2C_CTRL_CLK'
Slack : 0.391
TNS   : 0.000

Type  : Slow Model Recovery 'KEY[3]'
Slack : -0.895
TNS   : -1.790

Type  : Slow Model Recovery 'AUD_BCLK~reg0'
Slack : -0.825
TNS   : -13.029

Type  : Slow Model Recovery 'AUD_XCK~reg0'
Slack : -0.382
TNS   : -4.570

Type  : Slow Model Recovery 'CLOCK_27'
Slack : -0.266
TNS   : -0.266

Type  : Slow Model Removal 'AUD_XCK~reg0'
Slack : 0.862
TNS   : 0.000

Type  : Slow Model Removal 'CLOCK_27'
Slack : 1.036
TNS   : 0.000

Type  : Slow Model Removal 'AUD_BCLK~reg0'
Slack : 1.373
TNS   : 0.000

Type  : Slow Model Removal 'KEY[3]'
Slack : 1.665
TNS   : 0.000

Type  : Slow Model Minimum Pulse Width 'CLOCK_27'
Slack : -1.380
TNS   : -40.380

Type  : Slow Model Minimum Pulse Width 'KEY[3]'
Slack : -1.222
TNS   : -3.222

Type  : Slow Model Minimum Pulse Width 'AUD_BCLK~reg0'
Slack : -0.500
TNS   : -19.000

Type  : Slow Model Minimum Pulse Width 'i2c_codec_control:u1|mI2C_CTRL_CLK'
Slack : -0.500
TNS   : -19.000

Type  : Slow Model Minimum Pulse Width 'AUD_XCK~reg0'
Slack : -0.500
TNS   : -15.000

Type  : Fast Model Setup 'AUD_BCLK~reg0'
Slack : -0.841
TNS   : -5.163

Type  : Fast Model Setup 'CLOCK_27'
Slack : -0.702
TNS   : -18.886

Type  : Fast Model Setup 'i2c_codec_control:u1|mI2C_CTRL_CLK'
Slack : -0.641
TNS   : -5.696

Type  : Fast Model Setup 'AUD_XCK~reg0'
Slack : -0.185
TNS   : -1.665

Type  : Fast Model Setup 'KEY[3]'
Slack : 0.631
TNS   : 0.000

Type  : Fast Model Hold 'AUD_XCK~reg0'
Slack : -1.642
TNS   : -1.642

Type  : Fast Model Hold 'CLOCK_27'
Slack : -1.540
TNS   : -3.059

Type  : Fast Model Hold 'AUD_BCLK~reg0'
Slack : 0.215
TNS   : 0.000

Type  : Fast Model Hold 'KEY[3]'
Slack : 0.215
TNS   : 0.000

Type  : Fast Model Hold 'i2c_codec_control:u1|mI2C_CTRL_CLK'
Slack : 0.215
TNS   : 0.000

Type  : Fast Model Recovery 'AUD_BCLK~reg0'
Slack : -0.278
TNS   : -1.946

Type  : Fast Model Recovery 'KEY[3]'
Slack : -0.272
TNS   : -0.544

Type  : Fast Model Recovery 'AUD_XCK~reg0'
Slack : 0.192
TNS   : 0.000

Type  : Fast Model Recovery 'CLOCK_27'
Slack : 0.297
TNS   : 0.000

Type  : Fast Model Removal 'AUD_XCK~reg0'
Slack : 0.561
TNS   : 0.000

Type  : Fast Model Removal 'CLOCK_27'
Slack : 0.583
TNS   : 0.000

Type  : Fast Model Removal 'AUD_BCLK~reg0'
Slack : 0.778
TNS   : 0.000

Type  : Fast Model Removal 'KEY[3]'
Slack : 1.152
TNS   : 0.000

Type  : Fast Model Minimum Pulse Width 'CLOCK_27'
Slack : -1.380
TNS   : -40.380

Type  : Fast Model Minimum Pulse Width 'KEY[3]'
Slack : -1.222
TNS   : -3.222

Type  : Fast Model Minimum Pulse Width 'AUD_BCLK~reg0'
Slack : -0.500
TNS   : -19.000

Type  : Fast Model Minimum Pulse Width 'i2c_codec_control:u1|mI2C_CTRL_CLK'
Slack : -0.500
TNS   : -19.000

Type  : Fast Model Minimum Pulse Width 'AUD_XCK~reg0'
Slack : -0.500
TNS   : -15.000

------------------------------------------------------------
